[2026-05-04T02:59:11.891+0000] {taskinstance.py:1956} INFO - Dependencies all met for dep_context=non-requeueable deps ti=<TaskInstance: etl_ecommerce.extract scheduled__2026-05-03T00:00:00+00:00 [queued]>
[2026-05-04T02:59:11.905+0000] {taskinstance.py:1956} INFO - Dependencies all met for dep_context=requeueable deps ti=<TaskInstance: etl_ecommerce.extract scheduled__2026-05-03T00:00:00+00:00 [queued]>
[2026-05-04T02:59:11.907+0000] {taskinstance.py:2170} INFO - Starting attempt 1 of 4
[2026-05-04T02:59:11.923+0000] {taskinstance.py:2191} INFO - Executing <Task(PythonOperator): extract> on 2026-05-03 00:00:00+00:00
[2026-05-04T02:59:11.933+0000] {standard_task_runner.py:60} INFO - Started process 224 to run task
[2026-05-04T02:59:11.941+0000] {standard_task_runner.py:87} INFO - Running: ['***', 'tasks', 'run', 'etl_ecommerce', 'extract', 'scheduled__2026-05-03T00:00:00+00:00', '--job-id', '3', '--raw', '--subdir', 'DAGS_FOLDER/etl_ecommerce.py', '--cfg-path', '/tmp/tmp8t5qljbf']
[2026-05-04T02:59:11.945+0000] {standard_task_runner.py:88} INFO - Job 3: Subtask extract
[2026-05-04T02:59:11.974+0000] {logging_mixin.py:188} WARNING - /home/***/.local/lib/python3.8/site-packages/***/settings.py:194 DeprecationWarning: The sql_alchemy_conn option in [core] has been moved to the sql_alchemy_conn option in [database] - the old setting has been used, but please update your config.
[2026-05-04T02:59:12.065+0000] {task_command.py:423} INFO - Running <TaskInstance: etl_ecommerce.extract scheduled__2026-05-03T00:00:00+00:00 [running]> on host c1f39e8b7461
[2026-05-04T02:59:12.214+0000] {taskinstance.py:2480} INFO - Exporting env vars: AIRFLOW_CTX_DAG_OWNER='data-team' AIRFLOW_CTX_DAG_ID='etl_ecommerce' AIRFLOW_CTX_TASK_ID='extract' AIRFLOW_CTX_EXECUTION_DATE='2026-05-03T00:00:00+00:00' AIRFLOW_CTX_TRY_NUMBER='1' AIRFLOW_CTX_DAG_RUN_ID='scheduled__2026-05-03T00:00:00+00:00'
[2026-05-04T02:59:14.196+0000] {logging_mixin.py:188} INFO - 📥 Extrayendo datos de sensores...
[2026-05-04T02:59:14.198+0000] {taskinstance.py:2698} ERROR - Task failed with exception
Traceback (most recent call last):
  File "/home/airflow/.local/lib/python3.8/site-packages/airflow/models/taskinstance.py", line 433, in _execute_task
    result = execute_callable(context=context, **execute_callable_kwargs)
  File "/home/airflow/.local/lib/python3.8/site-packages/airflow/operators/python.py", line 199, in execute
    return_value = self.execute_callable()
  File "/home/airflow/.local/lib/python3.8/site-packages/airflow/operators/python.py", line 216, in execute_callable
    return self.python_callable(*self.op_args, **self.op_kwargs)
  File "/opt/airflow/dags/etl_ecommerce.py", line 34, in extract
    sensor_readings = pd.read_csv('/opt/airflow/data/iot_sensor_readings.csv')
  File "/home/airflow/.local/lib/python3.8/site-packages/pandas/io/parsers/readers.py", line 912, in read_csv
    return _read(filepath_or_buffer, kwds)
  File "/home/airflow/.local/lib/python3.8/site-packages/pandas/io/parsers/readers.py", line 577, in _read
    parser = TextFileReader(filepath_or_buffer, **kwds)
  File "/home/airflow/.local/lib/python3.8/site-packages/pandas/io/parsers/readers.py", line 1407, in __init__
    self._engine = self._make_engine(f, self.engine)
  File "/home/airflow/.local/lib/python3.8/site-packages/pandas/io/parsers/readers.py", line 1661, in _make_engine
    self.handles = get_handle(
  File "/home/airflow/.local/lib/python3.8/site-packages/pandas/io/common.py", line 859, in get_handle
    handle = open(
FileNotFoundError: [Errno 2] No such file or directory: '/opt/airflow/data/iot_sensor_readings.csv'
[2026-05-04T02:59:14.212+0000] {taskinstance.py:1138} INFO - Marking task as UP_FOR_RETRY. dag_id=etl_ecommerce, task_id=extract, execution_date=20260503T000000, start_date=20260504T025911, end_date=20260504T025914
[2026-05-04T02:59:14.225+0000] {standard_task_runner.py:107} ERROR - Failed to execute job 3 for task extract ([Errno 2] No such file or directory: '/opt/airflow/data/iot_sensor_readings.csv'; 224)
[2026-05-04T02:59:14.286+0000] {local_task_job_runner.py:234} INFO - Task exited with return code 1
[2026-05-04T02:59:14.319+0000] {taskinstance.py:3280} INFO - 0 downstream tasks scheduled from follow-on schedule check
[2026-05-04T23:51:20.309+0000] {taskinstance.py:1956} INFO - Dependencies all met for dep_context=non-requeueable deps ti=<TaskInstance: etl_ecommerce.extract scheduled__2026-05-03T00:00:00+00:00 [queued]>
[2026-05-04T23:51:20.335+0000] {taskinstance.py:1956} INFO - Dependencies all met for dep_context=requeueable deps ti=<TaskInstance: etl_ecommerce.extract scheduled__2026-05-03T00:00:00+00:00 [queued]>
[2026-05-04T23:51:20.339+0000] {taskinstance.py:2170} INFO - Starting attempt 1 of 4
[2026-05-04T23:51:20.401+0000] {taskinstance.py:2191} INFO - Executing <Task(PythonOperator): extract> on 2026-05-03 00:00:00+00:00
[2026-05-04T23:51:20.416+0000] {standard_task_runner.py:60} INFO - Started process 194 to run task
[2026-05-04T23:51:20.433+0000] {standard_task_runner.py:87} INFO - Running: ['***', 'tasks', 'run', 'etl_ecommerce', 'extract', 'scheduled__2026-05-03T00:00:00+00:00', '--job-id', '8', '--raw', '--subdir', 'DAGS_FOLDER/etl_ecommerce.py', '--cfg-path', '/tmp/tmp2p6icw27']
[2026-05-04T23:51:20.440+0000] {standard_task_runner.py:88} INFO - Job 8: Subtask extract
[2026-05-04T23:51:20.492+0000] {logging_mixin.py:188} WARNING - /home/***/.local/lib/python3.8/site-packages/***/settings.py:194 DeprecationWarning: The sql_alchemy_conn option in [core] has been moved to the sql_alchemy_conn option in [database] - the old setting has been used, but please update your config.
[2026-05-04T23:51:20.630+0000] {task_command.py:423} INFO - Running <TaskInstance: etl_ecommerce.extract scheduled__2026-05-03T00:00:00+00:00 [running]> on host c1f39e8b7461
[2026-05-04T23:51:20.787+0000] {taskinstance.py:2480} INFO - Exporting env vars: AIRFLOW_CTX_DAG_OWNER='data-team' AIRFLOW_CTX_DAG_ID='etl_ecommerce' AIRFLOW_CTX_TASK_ID='extract' AIRFLOW_CTX_EXECUTION_DATE='2026-05-03T00:00:00+00:00' AIRFLOW_CTX_TRY_NUMBER='1' AIRFLOW_CTX_DAG_RUN_ID='scheduled__2026-05-03T00:00:00+00:00'
[2026-05-04T23:51:20.790+0000] {logging_mixin.py:188} INFO - 📥 Extracting data...
[2026-05-04T23:51:20.820+0000] {logging_mixin.py:188} INFO - ✅ All files validated
[2026-05-04T23:51:20.821+0000] {python.py:201} INFO - Done. Returned value was: None
[2026-05-04T23:51:20.834+0000] {taskinstance.py:1138} INFO - Marking task as SUCCESS. dag_id=etl_ecommerce, task_id=extract, execution_date=20260503T000000, start_date=20260504T235120, end_date=20260504T235120
[2026-05-04T23:51:20.890+0000] {local_task_job_runner.py:234} INFO - Task exited with return code 0
[2026-05-04T23:51:20.928+0000] {taskinstance.py:3280} INFO - 1 downstream tasks scheduled from follow-on schedule check
