[2026-05-05T00:00:00.931+0000] {taskinstance.py:1956} INFO - Dependencies all met for dep_context=non-requeueable deps ti=<TaskInstance: etl_ecommerce.extract scheduled__2026-05-04T00:00:00+00:00 [queued]>
[2026-05-05T00:00:00.946+0000] {taskinstance.py:1956} INFO - Dependencies all met for dep_context=requeueable deps ti=<TaskInstance: etl_ecommerce.extract scheduled__2026-05-04T00:00:00+00:00 [queued]>
[2026-05-05T00:00:00.947+0000] {taskinstance.py:2170} INFO - Starting attempt 1 of 4
[2026-05-05T00:00:00.971+0000] {taskinstance.py:2191} INFO - Executing <Task(PythonOperator): extract> on 2026-05-04 00:00:00+00:00
[2026-05-05T00:00:00.981+0000] {standard_task_runner.py:60} INFO - Started process 293 to run task
[2026-05-05T00:00:00.988+0000] {standard_task_runner.py:87} INFO - Running: ['***', 'tasks', 'run', 'etl_ecommerce', 'extract', 'scheduled__2026-05-04T00:00:00+00:00', '--job-id', '13', '--raw', '--subdir', 'DAGS_FOLDER/etl_ecommerce.py', '--cfg-path', '/tmp/tmp4vay71w6']
[2026-05-05T00:00:00.993+0000] {standard_task_runner.py:88} INFO - Job 13: Subtask extract
[2026-05-05T00:00:01.029+0000] {logging_mixin.py:188} WARNING - /home/***/.local/lib/python3.8/site-packages/***/settings.py:194 DeprecationWarning: The sql_alchemy_conn option in [core] has been moved to the sql_alchemy_conn option in [database] - the old setting has been used, but please update your config.
[2026-05-05T00:00:01.117+0000] {task_command.py:423} INFO - Running <TaskInstance: etl_ecommerce.extract scheduled__2026-05-04T00:00:00+00:00 [running]> on host c1f39e8b7461
[2026-05-05T00:00:01.201+0000] {taskinstance.py:2480} INFO - Exporting env vars: AIRFLOW_CTX_DAG_OWNER='data-team' AIRFLOW_CTX_DAG_ID='etl_ecommerce' AIRFLOW_CTX_TASK_ID='extract' AIRFLOW_CTX_EXECUTION_DATE='2026-05-04T00:00:00+00:00' AIRFLOW_CTX_TRY_NUMBER='1' AIRFLOW_CTX_DAG_RUN_ID='scheduled__2026-05-04T00:00:00+00:00'
[2026-05-05T00:00:01.203+0000] {logging_mixin.py:188} INFO - 📥 Extracting data...
[2026-05-05T00:00:01.227+0000] {logging_mixin.py:188} INFO - ✅ All files validated
[2026-05-05T00:00:01.228+0000] {python.py:201} INFO - Done. Returned value was: None
[2026-05-05T00:00:01.239+0000] {taskinstance.py:1138} INFO - Marking task as SUCCESS. dag_id=etl_ecommerce, task_id=extract, execution_date=20260504T000000, start_date=20260505T000000, end_date=20260505T000001
[2026-05-05T00:00:01.282+0000] {local_task_job_runner.py:234} INFO - Task exited with return code 0
[2026-05-05T00:00:01.309+0000] {taskinstance.py:3280} INFO - 1 downstream tasks scheduled from follow-on schedule check
[2026-05-05T00:56:46.185+0000] {taskinstance.py:1956} INFO - Dependencies all met for dep_context=non-requeueable deps ti=<TaskInstance: etl_ecommerce.extract scheduled__2026-05-04T00:00:00+00:00 [queued]>
[2026-05-05T00:56:46.195+0000] {taskinstance.py:1956} INFO - Dependencies all met for dep_context=requeueable deps ti=<TaskInstance: etl_ecommerce.extract scheduled__2026-05-04T00:00:00+00:00 [queued]>
[2026-05-05T00:56:46.195+0000] {taskinstance.py:2170} INFO - Starting attempt 1 of 4
[2026-05-05T00:56:46.210+0000] {taskinstance.py:2191} INFO - Executing <Task(PythonOperator): extract> on 2026-05-04 00:00:00+00:00
[2026-05-05T00:56:46.217+0000] {standard_task_runner.py:60} INFO - Started process 956 to run task
[2026-05-05T00:56:46.222+0000] {standard_task_runner.py:87} INFO - Running: ['***', 'tasks', 'run', 'etl_ecommerce', 'extract', 'scheduled__2026-05-04T00:00:00+00:00', '--job-id', '40', '--raw', '--subdir', 'DAGS_FOLDER/etl_ecommerce.py', '--cfg-path', '/tmp/tmp8gwsf231']
[2026-05-05T00:56:46.225+0000] {standard_task_runner.py:88} INFO - Job 40: Subtask extract
[2026-05-05T00:56:46.248+0000] {logging_mixin.py:188} WARNING - /home/***/.local/lib/python3.8/site-packages/***/settings.py:194 DeprecationWarning: The sql_alchemy_conn option in [core] has been moved to the sql_alchemy_conn option in [database] - the old setting has been used, but please update your config.
[2026-05-05T00:56:46.305+0000] {task_command.py:423} INFO - Running <TaskInstance: etl_ecommerce.extract scheduled__2026-05-04T00:00:00+00:00 [running]> on host c1f39e8b7461
[2026-05-05T00:56:46.379+0000] {taskinstance.py:2480} INFO - Exporting env vars: AIRFLOW_CTX_DAG_OWNER='data-team' AIRFLOW_CTX_DAG_ID='etl_ecommerce' AIRFLOW_CTX_TASK_ID='extract' AIRFLOW_CTX_EXECUTION_DATE='2026-05-04T00:00:00+00:00' AIRFLOW_CTX_TRY_NUMBER='1' AIRFLOW_CTX_DAG_RUN_ID='scheduled__2026-05-04T00:00:00+00:00'
[2026-05-05T00:56:46.381+0000] {logging_mixin.py:188} INFO - 📥 Extracting data...
[2026-05-05T00:56:46.397+0000] {logging_mixin.py:188} INFO - ✅ All files validated
[2026-05-05T00:56:46.398+0000] {python.py:201} INFO - Done. Returned value was: None
[2026-05-05T00:56:46.407+0000] {taskinstance.py:1138} INFO - Marking task as SUCCESS. dag_id=etl_ecommerce, task_id=extract, execution_date=20260504T000000, start_date=20260505T005646, end_date=20260505T005646
[2026-05-05T00:56:46.435+0000] {local_task_job_runner.py:234} INFO - Task exited with return code 0
[2026-05-05T00:56:46.458+0000] {taskinstance.py:3280} INFO - 1 downstream tasks scheduled from follow-on schedule check
