[2026-05-04T02:54:39.138+0000] {processor.py:161} INFO - Started process (PID=171) to work on /opt/airflow/dags/etl_ecommerce.py
[2026-05-04T02:54:39.140+0000] {processor.py:830} INFO - Processing file /opt/airflow/dags/etl_ecommerce.py for tasks to queue
[2026-05-04T02:54:39.141+0000] {logging_mixin.py:188} INFO - [2026-05-04T02:54:39.141+0000] {dagbag.py:538} INFO - Filling up the DagBag from /opt/airflow/dags/etl_ecommerce.py
[2026-05-04T02:54:39.199+0000] {processor.py:840} INFO - DAG(s) 'etl_ecommerce' retrieved from /opt/airflow/dags/etl_ecommerce.py
[2026-05-04T02:54:39.437+0000] {logging_mixin.py:188} INFO - [2026-05-04T02:54:39.436+0000] {override.py:1769} INFO - Created Permission View: can edit on DAG:etl_ecommerce
[2026-05-04T02:54:39.448+0000] {logging_mixin.py:188} INFO - [2026-05-04T02:54:39.448+0000] {override.py:1769} INFO - Created Permission View: can read on DAG:etl_ecommerce
[2026-05-04T02:54:39.456+0000] {logging_mixin.py:188} INFO - [2026-05-04T02:54:39.455+0000] {override.py:1769} INFO - Created Permission View: can delete on DAG:etl_ecommerce
[2026-05-04T02:54:39.456+0000] {logging_mixin.py:188} INFO - [2026-05-04T02:54:39.456+0000] {dag.py:3036} INFO - Sync 1 DAGs
[2026-05-04T02:54:39.467+0000] {logging_mixin.py:188} INFO - [2026-05-04T02:54:39.467+0000] {dag.py:3058} INFO - Creating ORM DAG for etl_ecommerce
[2026-05-04T02:54:39.479+0000] {logging_mixin.py:188} INFO - [2026-05-04T02:54:39.479+0000] {dag.py:3823} INFO - Setting next_dagrun for etl_ecommerce to 2026-05-03 00:00:00+00:00, run_after=2026-05-04 00:00:00+00:00
[2026-05-04T02:54:39.503+0000] {processor.py:183} INFO - Processing /opt/airflow/dags/etl_ecommerce.py took 0.369 seconds
[2026-05-04T02:55:09.878+0000] {processor.py:161} INFO - Started process (PID=176) to work on /opt/airflow/dags/etl_ecommerce.py
[2026-05-04T02:55:09.919+0000] {processor.py:830} INFO - Processing file /opt/airflow/dags/etl_ecommerce.py for tasks to queue
[2026-05-04T02:55:09.944+0000] {logging_mixin.py:188} INFO - [2026-05-04T02:55:09.935+0000] {dagbag.py:538} INFO - Filling up the DagBag from /opt/airflow/dags/etl_ecommerce.py
[2026-05-04T02:55:10.335+0000] {processor.py:840} INFO - DAG(s) 'etl_ecommerce' retrieved from /opt/airflow/dags/etl_ecommerce.py
[2026-05-04T02:55:10.707+0000] {logging_mixin.py:188} INFO - [2026-05-04T02:55:10.706+0000] {dag.py:3036} INFO - Sync 1 DAGs
[2026-05-04T02:55:10.739+0000] {logging_mixin.py:188} INFO - [2026-05-04T02:55:10.739+0000] {dag.py:3823} INFO - Setting next_dagrun for etl_ecommerce to 2026-05-03 00:00:00+00:00, run_after=2026-05-04 00:00:00+00:00
[2026-05-04T02:55:10.761+0000] {processor.py:183} INFO - Processing /opt/airflow/dags/etl_ecommerce.py took 0.997 seconds
[2026-05-04T02:55:41.255+0000] {processor.py:161} INFO - Started process (PID=181) to work on /opt/airflow/dags/etl_ecommerce.py
[2026-05-04T02:55:41.274+0000] {processor.py:830} INFO - Processing file /opt/airflow/dags/etl_ecommerce.py for tasks to queue
[2026-05-04T02:55:41.282+0000] {logging_mixin.py:188} INFO - [2026-05-04T02:55:41.279+0000] {dagbag.py:538} INFO - Filling up the DagBag from /opt/airflow/dags/etl_ecommerce.py
[2026-05-04T02:55:41.503+0000] {processor.py:840} INFO - DAG(s) 'etl_ecommerce' retrieved from /opt/airflow/dags/etl_ecommerce.py
[2026-05-04T02:55:41.621+0000] {logging_mixin.py:188} INFO - [2026-05-04T02:55:41.620+0000] {dag.py:3036} INFO - Sync 1 DAGs
[2026-05-04T02:55:41.804+0000] {logging_mixin.py:188} INFO - [2026-05-04T02:55:41.803+0000] {dag.py:3823} INFO - Setting next_dagrun for etl_ecommerce to 2026-05-03 00:00:00+00:00, run_after=2026-05-04 00:00:00+00:00
[2026-05-04T02:55:41.888+0000] {processor.py:183} INFO - Processing /opt/airflow/dags/etl_ecommerce.py took 0.700 seconds
[2026-05-04T02:56:12.377+0000] {processor.py:161} INFO - Started process (PID=186) to work on /opt/airflow/dags/etl_ecommerce.py
[2026-05-04T02:56:12.380+0000] {processor.py:830} INFO - Processing file /opt/airflow/dags/etl_ecommerce.py for tasks to queue
[2026-05-04T02:56:12.382+0000] {logging_mixin.py:188} INFO - [2026-05-04T02:56:12.381+0000] {dagbag.py:538} INFO - Filling up the DagBag from /opt/airflow/dags/etl_ecommerce.py
[2026-05-04T02:56:12.444+0000] {processor.py:840} INFO - DAG(s) 'etl_ecommerce' retrieved from /opt/airflow/dags/etl_ecommerce.py
[2026-05-04T02:56:12.517+0000] {logging_mixin.py:188} INFO - [2026-05-04T02:56:12.516+0000] {dag.py:3036} INFO - Sync 1 DAGs
[2026-05-04T02:56:12.558+0000] {logging_mixin.py:188} INFO - [2026-05-04T02:56:12.557+0000] {dag.py:3823} INFO - Setting next_dagrun for etl_ecommerce to 2026-05-03 00:00:00+00:00, run_after=2026-05-04 00:00:00+00:00
[2026-05-04T02:56:12.584+0000] {processor.py:183} INFO - Processing /opt/airflow/dags/etl_ecommerce.py took 0.221 seconds
[2026-05-04T02:56:42.767+0000] {processor.py:161} INFO - Started process (PID=191) to work on /opt/airflow/dags/etl_ecommerce.py
[2026-05-04T02:56:42.768+0000] {processor.py:830} INFO - Processing file /opt/airflow/dags/etl_ecommerce.py for tasks to queue
[2026-05-04T02:56:42.770+0000] {logging_mixin.py:188} INFO - [2026-05-04T02:56:42.769+0000] {dagbag.py:538} INFO - Filling up the DagBag from /opt/airflow/dags/etl_ecommerce.py
[2026-05-04T02:56:42.798+0000] {processor.py:840} INFO - DAG(s) 'etl_ecommerce' retrieved from /opt/airflow/dags/etl_ecommerce.py
[2026-05-04T02:56:42.850+0000] {logging_mixin.py:188} INFO - [2026-05-04T02:56:42.850+0000] {dag.py:3036} INFO - Sync 1 DAGs
[2026-05-04T02:56:42.877+0000] {logging_mixin.py:188} INFO - [2026-05-04T02:56:42.877+0000] {dag.py:3823} INFO - Setting next_dagrun for etl_ecommerce to 2026-05-03 00:00:00+00:00, run_after=2026-05-04 00:00:00+00:00
[2026-05-04T02:56:42.901+0000] {processor.py:183} INFO - Processing /opt/airflow/dags/etl_ecommerce.py took 0.138 seconds
[2026-05-04T02:57:13.213+0000] {processor.py:161} INFO - Started process (PID=196) to work on /opt/airflow/dags/etl_ecommerce.py
[2026-05-04T02:57:13.215+0000] {processor.py:830} INFO - Processing file /opt/airflow/dags/etl_ecommerce.py for tasks to queue
[2026-05-04T02:57:13.216+0000] {logging_mixin.py:188} INFO - [2026-05-04T02:57:13.216+0000] {dagbag.py:538} INFO - Filling up the DagBag from /opt/airflow/dags/etl_ecommerce.py
[2026-05-04T02:57:13.242+0000] {processor.py:840} INFO - DAG(s) 'etl_ecommerce' retrieved from /opt/airflow/dags/etl_ecommerce.py
[2026-05-04T02:57:13.277+0000] {logging_mixin.py:188} INFO - [2026-05-04T02:57:13.276+0000] {dag.py:3036} INFO - Sync 1 DAGs
[2026-05-04T02:57:13.304+0000] {logging_mixin.py:188} INFO - [2026-05-04T02:57:13.304+0000] {dag.py:3823} INFO - Setting next_dagrun for etl_ecommerce to 2026-05-03 00:00:00+00:00, run_after=2026-05-04 00:00:00+00:00
[2026-05-04T02:57:13.329+0000] {processor.py:183} INFO - Processing /opt/airflow/dags/etl_ecommerce.py took 0.119 seconds
[2026-05-04T02:57:43.609+0000] {processor.py:161} INFO - Started process (PID=201) to work on /opt/airflow/dags/etl_ecommerce.py
[2026-05-04T02:57:43.611+0000] {processor.py:830} INFO - Processing file /opt/airflow/dags/etl_ecommerce.py for tasks to queue
[2026-05-04T02:57:43.612+0000] {logging_mixin.py:188} INFO - [2026-05-04T02:57:43.612+0000] {dagbag.py:538} INFO - Filling up the DagBag from /opt/airflow/dags/etl_ecommerce.py
[2026-05-04T02:57:43.640+0000] {processor.py:840} INFO - DAG(s) 'etl_ecommerce' retrieved from /opt/airflow/dags/etl_ecommerce.py
[2026-05-04T02:57:43.674+0000] {logging_mixin.py:188} INFO - [2026-05-04T02:57:43.674+0000] {dag.py:3036} INFO - Sync 1 DAGs
[2026-05-04T02:57:43.700+0000] {logging_mixin.py:188} INFO - [2026-05-04T02:57:43.700+0000] {dag.py:3823} INFO - Setting next_dagrun for etl_ecommerce to 2026-05-03 00:00:00+00:00, run_after=2026-05-04 00:00:00+00:00
[2026-05-04T02:57:43.723+0000] {processor.py:183} INFO - Processing /opt/airflow/dags/etl_ecommerce.py took 0.117 seconds
[2026-05-04T02:58:05.086+0000] {processor.py:161} INFO - Started process (PID=206) to work on /opt/airflow/dags/etl_ecommerce.py
[2026-05-04T02:58:05.088+0000] {processor.py:830} INFO - Processing file /opt/airflow/dags/etl_ecommerce.py for tasks to queue
[2026-05-04T02:58:05.089+0000] {logging_mixin.py:188} INFO - [2026-05-04T02:58:05.089+0000] {dagbag.py:538} INFO - Filling up the DagBag from /opt/airflow/dags/etl_ecommerce.py
[2026-05-04T02:58:05.137+0000] {processor.py:840} INFO - DAG(s) 'etl_ecommerce' retrieved from /opt/airflow/dags/etl_ecommerce.py
[2026-05-04T02:58:05.332+0000] {logging_mixin.py:188} INFO - [2026-05-04T02:58:05.332+0000] {dag.py:3036} INFO - Sync 1 DAGs
[2026-05-04T02:58:05.356+0000] {logging_mixin.py:188} INFO - [2026-05-04T02:58:05.356+0000] {dag.py:3823} INFO - Setting next_dagrun for etl_ecommerce to 2026-05-03 00:00:00+00:00, run_after=2026-05-04 00:00:00+00:00
[2026-05-04T02:58:05.388+0000] {processor.py:183} INFO - Processing /opt/airflow/dags/etl_ecommerce.py took 0.306 seconds
[2026-05-04T02:58:35.548+0000] {processor.py:161} INFO - Started process (PID=211) to work on /opt/airflow/dags/etl_ecommerce.py
[2026-05-04T02:58:35.549+0000] {processor.py:830} INFO - Processing file /opt/airflow/dags/etl_ecommerce.py for tasks to queue
[2026-05-04T02:58:35.551+0000] {logging_mixin.py:188} INFO - [2026-05-04T02:58:35.550+0000] {dagbag.py:538} INFO - Filling up the DagBag from /opt/airflow/dags/etl_ecommerce.py
[2026-05-04T02:58:35.586+0000] {processor.py:840} INFO - DAG(s) 'etl_ecommerce' retrieved from /opt/airflow/dags/etl_ecommerce.py
[2026-05-04T02:58:35.621+0000] {logging_mixin.py:188} INFO - [2026-05-04T02:58:35.621+0000] {dag.py:3036} INFO - Sync 1 DAGs
[2026-05-04T02:58:35.648+0000] {logging_mixin.py:188} INFO - [2026-05-04T02:58:35.648+0000] {dag.py:3823} INFO - Setting next_dagrun for etl_ecommerce to 2026-05-03 00:00:00+00:00, run_after=2026-05-04 00:00:00+00:00
[2026-05-04T02:58:35.671+0000] {processor.py:183} INFO - Processing /opt/airflow/dags/etl_ecommerce.py took 0.128 seconds
[2026-05-04T02:59:05.936+0000] {processor.py:161} INFO - Started process (PID=216) to work on /opt/airflow/dags/etl_ecommerce.py
[2026-05-04T02:59:05.939+0000] {processor.py:830} INFO - Processing file /opt/airflow/dags/etl_ecommerce.py for tasks to queue
[2026-05-04T02:59:05.940+0000] {logging_mixin.py:188} INFO - [2026-05-04T02:59:05.940+0000] {dagbag.py:538} INFO - Filling up the DagBag from /opt/airflow/dags/etl_ecommerce.py
[2026-05-04T02:59:05.973+0000] {processor.py:840} INFO - DAG(s) 'etl_ecommerce' retrieved from /opt/airflow/dags/etl_ecommerce.py
[2026-05-04T02:59:06.009+0000] {logging_mixin.py:188} INFO - [2026-05-04T02:59:06.009+0000] {dag.py:3036} INFO - Sync 1 DAGs
[2026-05-04T02:59:06.035+0000] {logging_mixin.py:188} INFO - [2026-05-04T02:59:06.034+0000] {dag.py:3823} INFO - Setting next_dagrun for etl_ecommerce to 2026-05-03 00:00:00+00:00, run_after=2026-05-04 00:00:00+00:00
[2026-05-04T02:59:06.056+0000] {processor.py:183} INFO - Processing /opt/airflow/dags/etl_ecommerce.py took 0.125 seconds
[2026-05-04T02:59:36.515+0000] {processor.py:161} INFO - Started process (PID=227) to work on /opt/airflow/dags/etl_ecommerce.py
[2026-05-04T02:59:36.517+0000] {processor.py:830} INFO - Processing file /opt/airflow/dags/etl_ecommerce.py for tasks to queue
[2026-05-04T02:59:36.519+0000] {logging_mixin.py:188} INFO - [2026-05-04T02:59:36.518+0000] {dagbag.py:538} INFO - Filling up the DagBag from /opt/airflow/dags/etl_ecommerce.py
[2026-05-04T02:59:36.558+0000] {processor.py:840} INFO - DAG(s) 'etl_ecommerce' retrieved from /opt/airflow/dags/etl_ecommerce.py
[2026-05-04T02:59:36.590+0000] {logging_mixin.py:188} INFO - [2026-05-04T02:59:36.590+0000] {dag.py:3036} INFO - Sync 1 DAGs
[2026-05-04T02:59:36.619+0000] {logging_mixin.py:188} INFO - [2026-05-04T02:59:36.619+0000] {dag.py:3823} INFO - Setting next_dagrun for etl_ecommerce to 2026-05-04 00:00:00+00:00, run_after=2026-05-05 00:00:00+00:00
[2026-05-04T02:59:36.642+0000] {processor.py:183} INFO - Processing /opt/airflow/dags/etl_ecommerce.py took 0.131 seconds
[2026-05-04T03:00:06.989+0000] {processor.py:161} INFO - Started process (PID=232) to work on /opt/airflow/dags/etl_ecommerce.py
[2026-05-04T03:00:06.991+0000] {processor.py:830} INFO - Processing file /opt/airflow/dags/etl_ecommerce.py for tasks to queue
[2026-05-04T03:00:06.992+0000] {logging_mixin.py:188} INFO - [2026-05-04T03:00:06.992+0000] {dagbag.py:538} INFO - Filling up the DagBag from /opt/airflow/dags/etl_ecommerce.py
[2026-05-04T03:00:07.033+0000] {processor.py:840} INFO - DAG(s) 'etl_ecommerce' retrieved from /opt/airflow/dags/etl_ecommerce.py
[2026-05-04T03:00:07.069+0000] {logging_mixin.py:188} INFO - [2026-05-04T03:00:07.069+0000] {dag.py:3036} INFO - Sync 1 DAGs
[2026-05-04T03:00:07.098+0000] {logging_mixin.py:188} INFO - [2026-05-04T03:00:07.098+0000] {dag.py:3823} INFO - Setting next_dagrun for etl_ecommerce to 2026-05-04 00:00:00+00:00, run_after=2026-05-05 00:00:00+00:00
[2026-05-04T03:00:07.123+0000] {processor.py:183} INFO - Processing /opt/airflow/dags/etl_ecommerce.py took 0.141 seconds
[2026-05-04T03:00:37.500+0000] {processor.py:161} INFO - Started process (PID=237) to work on /opt/airflow/dags/etl_ecommerce.py
[2026-05-04T03:00:37.501+0000] {processor.py:830} INFO - Processing file /opt/airflow/dags/etl_ecommerce.py for tasks to queue
[2026-05-04T03:00:37.502+0000] {logging_mixin.py:188} INFO - [2026-05-04T03:00:37.502+0000] {dagbag.py:538} INFO - Filling up the DagBag from /opt/airflow/dags/etl_ecommerce.py
[2026-05-04T03:00:37.530+0000] {processor.py:840} INFO - DAG(s) 'etl_ecommerce' retrieved from /opt/airflow/dags/etl_ecommerce.py
[2026-05-04T03:00:37.559+0000] {logging_mixin.py:188} INFO - [2026-05-04T03:00:37.559+0000] {dag.py:3036} INFO - Sync 1 DAGs
[2026-05-04T03:00:37.586+0000] {logging_mixin.py:188} INFO - [2026-05-04T03:00:37.586+0000] {dag.py:3823} INFO - Setting next_dagrun for etl_ecommerce to 2026-05-04 00:00:00+00:00, run_after=2026-05-05 00:00:00+00:00
[2026-05-04T03:00:37.609+0000] {processor.py:183} INFO - Processing /opt/airflow/dags/etl_ecommerce.py took 0.113 seconds
[2026-05-04T03:01:08.060+0000] {processor.py:161} INFO - Started process (PID=242) to work on /opt/airflow/dags/etl_ecommerce.py
[2026-05-04T03:01:08.062+0000] {processor.py:830} INFO - Processing file /opt/airflow/dags/etl_ecommerce.py for tasks to queue
[2026-05-04T03:01:08.063+0000] {logging_mixin.py:188} INFO - [2026-05-04T03:01:08.062+0000] {dagbag.py:538} INFO - Filling up the DagBag from /opt/airflow/dags/etl_ecommerce.py
[2026-05-04T03:01:08.091+0000] {processor.py:840} INFO - DAG(s) 'etl_ecommerce' retrieved from /opt/airflow/dags/etl_ecommerce.py
[2026-05-04T03:01:08.123+0000] {logging_mixin.py:188} INFO - [2026-05-04T03:01:08.123+0000] {dag.py:3036} INFO - Sync 1 DAGs
[2026-05-04T03:01:08.148+0000] {logging_mixin.py:188} INFO - [2026-05-04T03:01:08.147+0000] {dag.py:3823} INFO - Setting next_dagrun for etl_ecommerce to 2026-05-04 00:00:00+00:00, run_after=2026-05-05 00:00:00+00:00
[2026-05-04T03:01:08.169+0000] {processor.py:183} INFO - Processing /opt/airflow/dags/etl_ecommerce.py took 0.112 seconds
[2026-05-04T03:01:38.544+0000] {processor.py:161} INFO - Started process (PID=247) to work on /opt/airflow/dags/etl_ecommerce.py
[2026-05-04T03:01:38.546+0000] {processor.py:830} INFO - Processing file /opt/airflow/dags/etl_ecommerce.py for tasks to queue
[2026-05-04T03:01:38.547+0000] {logging_mixin.py:188} INFO - [2026-05-04T03:01:38.547+0000] {dagbag.py:538} INFO - Filling up the DagBag from /opt/airflow/dags/etl_ecommerce.py
[2026-05-04T03:01:38.577+0000] {processor.py:840} INFO - DAG(s) 'etl_ecommerce' retrieved from /opt/airflow/dags/etl_ecommerce.py
[2026-05-04T03:01:38.609+0000] {logging_mixin.py:188} INFO - [2026-05-04T03:01:38.609+0000] {dag.py:3036} INFO - Sync 1 DAGs
[2026-05-04T03:01:38.636+0000] {logging_mixin.py:188} INFO - [2026-05-04T03:01:38.635+0000] {dag.py:3823} INFO - Setting next_dagrun for etl_ecommerce to 2026-05-04 00:00:00+00:00, run_after=2026-05-05 00:00:00+00:00
[2026-05-04T03:01:38.658+0000] {processor.py:183} INFO - Processing /opt/airflow/dags/etl_ecommerce.py took 0.119 seconds
[2026-05-04T03:02:09.069+0000] {processor.py:161} INFO - Started process (PID=252) to work on /opt/airflow/dags/etl_ecommerce.py
[2026-05-04T03:02:09.071+0000] {processor.py:830} INFO - Processing file /opt/airflow/dags/etl_ecommerce.py for tasks to queue
[2026-05-04T03:02:09.073+0000] {logging_mixin.py:188} INFO - [2026-05-04T03:02:09.072+0000] {dagbag.py:538} INFO - Filling up the DagBag from /opt/airflow/dags/etl_ecommerce.py
[2026-05-04T03:02:09.104+0000] {processor.py:840} INFO - DAG(s) 'etl_ecommerce' retrieved from /opt/airflow/dags/etl_ecommerce.py
[2026-05-04T03:02:09.136+0000] {logging_mixin.py:188} INFO - [2026-05-04T03:02:09.136+0000] {dag.py:3036} INFO - Sync 1 DAGs
[2026-05-04T03:02:09.163+0000] {logging_mixin.py:188} INFO - [2026-05-04T03:02:09.162+0000] {dag.py:3823} INFO - Setting next_dagrun for etl_ecommerce to 2026-05-04 00:00:00+00:00, run_after=2026-05-05 00:00:00+00:00
[2026-05-04T03:02:09.186+0000] {processor.py:183} INFO - Processing /opt/airflow/dags/etl_ecommerce.py took 0.121 seconds
[2026-05-04T03:02:39.524+0000] {processor.py:161} INFO - Started process (PID=257) to work on /opt/airflow/dags/etl_ecommerce.py
[2026-05-04T03:02:39.526+0000] {processor.py:830} INFO - Processing file /opt/airflow/dags/etl_ecommerce.py for tasks to queue
[2026-05-04T03:02:39.527+0000] {logging_mixin.py:188} INFO - [2026-05-04T03:02:39.527+0000] {dagbag.py:538} INFO - Filling up the DagBag from /opt/airflow/dags/etl_ecommerce.py
[2026-05-04T03:02:39.562+0000] {processor.py:840} INFO - DAG(s) 'etl_ecommerce' retrieved from /opt/airflow/dags/etl_ecommerce.py
[2026-05-04T03:02:39.600+0000] {logging_mixin.py:188} INFO - [2026-05-04T03:02:39.599+0000] {dag.py:3036} INFO - Sync 1 DAGs
[2026-05-04T03:02:39.627+0000] {logging_mixin.py:188} INFO - [2026-05-04T03:02:39.626+0000] {dag.py:3823} INFO - Setting next_dagrun for etl_ecommerce to 2026-05-04 00:00:00+00:00, run_after=2026-05-05 00:00:00+00:00
[2026-05-04T03:02:39.649+0000] {processor.py:183} INFO - Processing /opt/airflow/dags/etl_ecommerce.py took 0.133 seconds
[2026-05-04T03:03:10.081+0000] {processor.py:161} INFO - Started process (PID=262) to work on /opt/airflow/dags/etl_ecommerce.py
[2026-05-04T03:03:10.085+0000] {processor.py:830} INFO - Processing file /opt/airflow/dags/etl_ecommerce.py for tasks to queue
[2026-05-04T03:03:10.090+0000] {logging_mixin.py:188} INFO - [2026-05-04T03:03:10.089+0000] {dagbag.py:538} INFO - Filling up the DagBag from /opt/airflow/dags/etl_ecommerce.py
[2026-05-04T03:03:10.155+0000] {processor.py:840} INFO - DAG(s) 'etl_ecommerce' retrieved from /opt/airflow/dags/etl_ecommerce.py
[2026-05-04T03:03:10.216+0000] {logging_mixin.py:188} INFO - [2026-05-04T03:03:10.215+0000] {dag.py:3036} INFO - Sync 1 DAGs
[2026-05-04T03:03:10.250+0000] {logging_mixin.py:188} INFO - [2026-05-04T03:03:10.249+0000] {dag.py:3823} INFO - Setting next_dagrun for etl_ecommerce to 2026-05-04 00:00:00+00:00, run_after=2026-05-05 00:00:00+00:00
[2026-05-04T03:03:10.277+0000] {processor.py:183} INFO - Processing /opt/airflow/dags/etl_ecommerce.py took 0.207 seconds
[2026-05-04T03:03:40.498+0000] {processor.py:161} INFO - Started process (PID=267) to work on /opt/airflow/dags/etl_ecommerce.py
[2026-05-04T03:03:40.499+0000] {processor.py:830} INFO - Processing file /opt/airflow/dags/etl_ecommerce.py for tasks to queue
[2026-05-04T03:03:40.501+0000] {logging_mixin.py:188} INFO - [2026-05-04T03:03:40.500+0000] {dagbag.py:538} INFO - Filling up the DagBag from /opt/airflow/dags/etl_ecommerce.py
[2026-05-04T03:03:40.533+0000] {processor.py:840} INFO - DAG(s) 'etl_ecommerce' retrieved from /opt/airflow/dags/etl_ecommerce.py
[2026-05-04T03:03:40.567+0000] {logging_mixin.py:188} INFO - [2026-05-04T03:03:40.567+0000] {dag.py:3036} INFO - Sync 1 DAGs
[2026-05-04T03:03:40.592+0000] {logging_mixin.py:188} INFO - [2026-05-04T03:03:40.592+0000] {dag.py:3823} INFO - Setting next_dagrun for etl_ecommerce to 2026-05-04 00:00:00+00:00, run_after=2026-05-05 00:00:00+00:00
[2026-05-04T03:03:40.614+0000] {processor.py:183} INFO - Processing /opt/airflow/dags/etl_ecommerce.py took 0.120 seconds
[2026-05-04T03:04:10.941+0000] {processor.py:161} INFO - Started process (PID=272) to work on /opt/airflow/dags/etl_ecommerce.py
[2026-05-04T03:04:10.942+0000] {processor.py:830} INFO - Processing file /opt/airflow/dags/etl_ecommerce.py for tasks to queue
[2026-05-04T03:04:10.943+0000] {logging_mixin.py:188} INFO - [2026-05-04T03:04:10.943+0000] {dagbag.py:538} INFO - Filling up the DagBag from /opt/airflow/dags/etl_ecommerce.py
[2026-05-04T03:04:10.976+0000] {processor.py:840} INFO - DAG(s) 'etl_ecommerce' retrieved from /opt/airflow/dags/etl_ecommerce.py
[2026-05-04T03:04:11.007+0000] {logging_mixin.py:188} INFO - [2026-05-04T03:04:11.007+0000] {dag.py:3036} INFO - Sync 1 DAGs
[2026-05-04T03:04:11.035+0000] {logging_mixin.py:188} INFO - [2026-05-04T03:04:11.035+0000] {dag.py:3823} INFO - Setting next_dagrun for etl_ecommerce to 2026-05-04 00:00:00+00:00, run_after=2026-05-05 00:00:00+00:00
[2026-05-04T03:04:11.064+0000] {processor.py:183} INFO - Processing /opt/airflow/dags/etl_ecommerce.py took 0.127 seconds
[2026-05-04T03:04:41.516+0000] {processor.py:161} INFO - Started process (PID=283) to work on /opt/airflow/dags/etl_ecommerce.py
[2026-05-04T03:04:41.518+0000] {processor.py:830} INFO - Processing file /opt/airflow/dags/etl_ecommerce.py for tasks to queue
[2026-05-04T03:04:41.519+0000] {logging_mixin.py:188} INFO - [2026-05-04T03:04:41.519+0000] {dagbag.py:538} INFO - Filling up the DagBag from /opt/airflow/dags/etl_ecommerce.py
[2026-05-04T03:04:41.548+0000] {processor.py:840} INFO - DAG(s) 'etl_ecommerce' retrieved from /opt/airflow/dags/etl_ecommerce.py
[2026-05-04T03:04:41.577+0000] {logging_mixin.py:188} INFO - [2026-05-04T03:04:41.577+0000] {dag.py:3036} INFO - Sync 1 DAGs
[2026-05-04T03:04:41.604+0000] {logging_mixin.py:188} INFO - [2026-05-04T03:04:41.604+0000] {dag.py:3823} INFO - Setting next_dagrun for etl_ecommerce to 2026-05-04 00:00:00+00:00, run_after=2026-05-05 00:00:00+00:00
[2026-05-04T03:04:41.626+0000] {processor.py:183} INFO - Processing /opt/airflow/dags/etl_ecommerce.py took 0.114 seconds
[2026-05-04T03:05:11.976+0000] {processor.py:161} INFO - Started process (PID=288) to work on /opt/airflow/dags/etl_ecommerce.py
[2026-05-04T03:05:11.977+0000] {processor.py:830} INFO - Processing file /opt/airflow/dags/etl_ecommerce.py for tasks to queue
[2026-05-04T03:05:11.979+0000] {logging_mixin.py:188} INFO - [2026-05-04T03:05:11.978+0000] {dagbag.py:538} INFO - Filling up the DagBag from /opt/airflow/dags/etl_ecommerce.py
[2026-05-04T03:05:12.010+0000] {processor.py:840} INFO - DAG(s) 'etl_ecommerce' retrieved from /opt/airflow/dags/etl_ecommerce.py
[2026-05-04T03:05:12.045+0000] {logging_mixin.py:188} INFO - [2026-05-04T03:05:12.044+0000] {dag.py:3036} INFO - Sync 1 DAGs
[2026-05-04T03:05:12.070+0000] {logging_mixin.py:188} INFO - [2026-05-04T03:05:12.070+0000] {dag.py:3823} INFO - Setting next_dagrun for etl_ecommerce to 2026-05-04 00:00:00+00:00, run_after=2026-05-05 00:00:00+00:00
[2026-05-04T03:05:12.093+0000] {processor.py:183} INFO - Processing /opt/airflow/dags/etl_ecommerce.py took 0.122 seconds
[2026-05-04T03:05:42.519+0000] {processor.py:161} INFO - Started process (PID=293) to work on /opt/airflow/dags/etl_ecommerce.py
[2026-05-04T03:05:42.521+0000] {processor.py:830} INFO - Processing file /opt/airflow/dags/etl_ecommerce.py for tasks to queue
[2026-05-04T03:05:42.522+0000] {logging_mixin.py:188} INFO - [2026-05-04T03:05:42.522+0000] {dagbag.py:538} INFO - Filling up the DagBag from /opt/airflow/dags/etl_ecommerce.py
[2026-05-04T03:05:42.556+0000] {processor.py:840} INFO - DAG(s) 'etl_ecommerce' retrieved from /opt/airflow/dags/etl_ecommerce.py
[2026-05-04T03:05:42.678+0000] {logging_mixin.py:188} INFO - [2026-05-04T03:05:42.678+0000] {dag.py:3036} INFO - Sync 1 DAGs
[2026-05-04T03:05:42.689+0000] {logging_mixin.py:188} INFO - [2026-05-04T03:05:42.689+0000] {dag.py:3058} INFO - Creating ORM DAG for etl_ecommerce
[2026-05-04T03:05:42.700+0000] {logging_mixin.py:188} INFO - [2026-05-04T03:05:42.700+0000] {dag.py:3823} INFO - Setting next_dagrun for etl_ecommerce to 2026-05-03 00:00:00+00:00, run_after=2026-05-04 00:00:00+00:00
[2026-05-04T03:05:42.721+0000] {processor.py:183} INFO - Processing /opt/airflow/dags/etl_ecommerce.py took 0.206 seconds
[2026-05-04T23:49:38.715+0000] {processor.py:161} INFO - Started process (PID=171) to work on /opt/airflow/dags/etl_ecommerce.py
[2026-05-04T23:49:38.717+0000] {processor.py:830} INFO - Processing file /opt/airflow/dags/etl_ecommerce.py for tasks to queue
[2026-05-04T23:49:38.719+0000] {logging_mixin.py:188} INFO - [2026-05-04T23:49:38.719+0000] {dagbag.py:538} INFO - Filling up the DagBag from /opt/airflow/dags/etl_ecommerce.py
[2026-05-04T23:49:38.806+0000] {processor.py:840} INFO - DAG(s) 'etl_ecommerce' retrieved from /opt/airflow/dags/etl_ecommerce.py
[2026-05-04T23:49:38.835+0000] {logging_mixin.py:188} INFO - [2026-05-04T23:49:38.835+0000] {dag.py:3036} INFO - Sync 1 DAGs
[2026-05-04T23:49:38.864+0000] {logging_mixin.py:188} INFO - [2026-05-04T23:49:38.863+0000] {dag.py:3823} INFO - Setting next_dagrun for etl_ecommerce to 2026-05-03 00:00:00+00:00, run_after=2026-05-04 00:00:00+00:00
[2026-05-04T23:49:38.885+0000] {processor.py:183} INFO - Processing /opt/airflow/dags/etl_ecommerce.py took 0.182 seconds
[2026-05-04T23:50:08.946+0000] {processor.py:161} INFO - Started process (PID=176) to work on /opt/airflow/dags/etl_ecommerce.py
[2026-05-04T23:50:08.948+0000] {processor.py:830} INFO - Processing file /opt/airflow/dags/etl_ecommerce.py for tasks to queue
[2026-05-04T23:50:08.949+0000] {logging_mixin.py:188} INFO - [2026-05-04T23:50:08.949+0000] {dagbag.py:538} INFO - Filling up the DagBag from /opt/airflow/dags/etl_ecommerce.py
[2026-05-04T23:50:08.980+0000] {processor.py:840} INFO - DAG(s) 'etl_ecommerce' retrieved from /opt/airflow/dags/etl_ecommerce.py
[2026-05-04T23:50:08.999+0000] {logging_mixin.py:188} INFO - [2026-05-04T23:50:08.999+0000] {dag.py:3036} INFO - Sync 1 DAGs
[2026-05-04T23:50:09.028+0000] {logging_mixin.py:188} INFO - [2026-05-04T23:50:09.028+0000] {dag.py:3823} INFO - Setting next_dagrun for etl_ecommerce to 2026-05-03 00:00:00+00:00, run_after=2026-05-04 00:00:00+00:00
[2026-05-04T23:50:09.050+0000] {processor.py:183} INFO - Processing /opt/airflow/dags/etl_ecommerce.py took 0.107 seconds
[2026-05-04T23:50:39.218+0000] {processor.py:161} INFO - Started process (PID=181) to work on /opt/airflow/dags/etl_ecommerce.py
[2026-05-04T23:50:39.220+0000] {processor.py:830} INFO - Processing file /opt/airflow/dags/etl_ecommerce.py for tasks to queue
[2026-05-04T23:50:39.221+0000] {logging_mixin.py:188} INFO - [2026-05-04T23:50:39.220+0000] {dagbag.py:538} INFO - Filling up the DagBag from /opt/airflow/dags/etl_ecommerce.py
[2026-05-04T23:50:39.250+0000] {processor.py:840} INFO - DAG(s) 'etl_ecommerce' retrieved from /opt/airflow/dags/etl_ecommerce.py
[2026-05-04T23:50:39.455+0000] {logging_mixin.py:188} INFO - [2026-05-04T23:50:39.455+0000] {dag.py:3036} INFO - Sync 1 DAGs
[2026-05-04T23:50:39.475+0000] {logging_mixin.py:188} INFO - [2026-05-04T23:50:39.475+0000] {dag.py:3823} INFO - Setting next_dagrun for etl_ecommerce to 2026-05-03 00:00:00+00:00, run_after=2026-05-04 00:00:00+00:00
[2026-05-04T23:50:39.495+0000] {processor.py:183} INFO - Processing /opt/airflow/dags/etl_ecommerce.py took 0.282 seconds
[2026-05-04T23:51:09.729+0000] {processor.py:161} INFO - Started process (PID=186) to work on /opt/airflow/dags/etl_ecommerce.py
[2026-05-04T23:51:09.731+0000] {processor.py:830} INFO - Processing file /opt/airflow/dags/etl_ecommerce.py for tasks to queue
[2026-05-04T23:51:09.734+0000] {logging_mixin.py:188} INFO - [2026-05-04T23:51:09.733+0000] {dagbag.py:538} INFO - Filling up the DagBag from /opt/airflow/dags/etl_ecommerce.py
[2026-05-04T23:51:09.773+0000] {processor.py:840} INFO - DAG(s) 'etl_ecommerce' retrieved from /opt/airflow/dags/etl_ecommerce.py
[2026-05-04T23:51:09.817+0000] {logging_mixin.py:188} INFO - [2026-05-04T23:51:09.816+0000] {dag.py:3036} INFO - Sync 1 DAGs
[2026-05-04T23:51:09.845+0000] {logging_mixin.py:188} INFO - [2026-05-04T23:51:09.845+0000] {dag.py:3823} INFO - Setting next_dagrun for etl_ecommerce to 2026-05-03 00:00:00+00:00, run_after=2026-05-04 00:00:00+00:00
[2026-05-04T23:51:09.872+0000] {processor.py:183} INFO - Processing /opt/airflow/dags/etl_ecommerce.py took 0.149 seconds
[2026-05-04T23:51:40.092+0000] {processor.py:161} INFO - Started process (PID=201) to work on /opt/airflow/dags/etl_ecommerce.py
[2026-05-04T23:51:40.094+0000] {processor.py:830} INFO - Processing file /opt/airflow/dags/etl_ecommerce.py for tasks to queue
[2026-05-04T23:51:40.095+0000] {logging_mixin.py:188} INFO - [2026-05-04T23:51:40.095+0000] {dagbag.py:538} INFO - Filling up the DagBag from /opt/airflow/dags/etl_ecommerce.py
[2026-05-04T23:51:40.133+0000] {processor.py:840} INFO - DAG(s) 'etl_ecommerce' retrieved from /opt/airflow/dags/etl_ecommerce.py
[2026-05-04T23:51:40.175+0000] {logging_mixin.py:188} INFO - [2026-05-04T23:51:40.174+0000] {dag.py:3036} INFO - Sync 1 DAGs
[2026-05-04T23:51:40.205+0000] {logging_mixin.py:188} INFO - [2026-05-04T23:51:40.205+0000] {dag.py:3823} INFO - Setting next_dagrun for etl_ecommerce to 2026-05-04 00:00:00+00:00, run_after=2026-05-05 00:00:00+00:00
[2026-05-04T23:51:40.228+0000] {processor.py:183} INFO - Processing /opt/airflow/dags/etl_ecommerce.py took 0.143 seconds
[2026-05-04T23:52:10.469+0000] {processor.py:161} INFO - Started process (PID=206) to work on /opt/airflow/dags/etl_ecommerce.py
[2026-05-04T23:52:10.471+0000] {processor.py:830} INFO - Processing file /opt/airflow/dags/etl_ecommerce.py for tasks to queue
[2026-05-04T23:52:10.472+0000] {logging_mixin.py:188} INFO - [2026-05-04T23:52:10.472+0000] {dagbag.py:538} INFO - Filling up the DagBag from /opt/airflow/dags/etl_ecommerce.py
[2026-05-04T23:52:10.508+0000] {processor.py:840} INFO - DAG(s) 'etl_ecommerce' retrieved from /opt/airflow/dags/etl_ecommerce.py
[2026-05-04T23:52:10.547+0000] {logging_mixin.py:188} INFO - [2026-05-04T23:52:10.547+0000] {dag.py:3036} INFO - Sync 1 DAGs
[2026-05-04T23:52:10.576+0000] {logging_mixin.py:188} INFO - [2026-05-04T23:52:10.575+0000] {dag.py:3823} INFO - Setting next_dagrun for etl_ecommerce to 2026-05-04 00:00:00+00:00, run_after=2026-05-05 00:00:00+00:00
[2026-05-04T23:52:10.597+0000] {processor.py:183} INFO - Processing /opt/airflow/dags/etl_ecommerce.py took 0.132 seconds
[2026-05-04T23:52:40.823+0000] {processor.py:161} INFO - Started process (PID=211) to work on /opt/airflow/dags/etl_ecommerce.py
[2026-05-04T23:52:40.824+0000] {processor.py:830} INFO - Processing file /opt/airflow/dags/etl_ecommerce.py for tasks to queue
[2026-05-04T23:52:40.825+0000] {logging_mixin.py:188} INFO - [2026-05-04T23:52:40.825+0000] {dagbag.py:538} INFO - Filling up the DagBag from /opt/airflow/dags/etl_ecommerce.py
[2026-05-04T23:52:40.856+0000] {processor.py:840} INFO - DAG(s) 'etl_ecommerce' retrieved from /opt/airflow/dags/etl_ecommerce.py
[2026-05-04T23:52:40.886+0000] {logging_mixin.py:188} INFO - [2026-05-04T23:52:40.885+0000] {dag.py:3036} INFO - Sync 1 DAGs
[2026-05-04T23:52:40.909+0000] {logging_mixin.py:188} INFO - [2026-05-04T23:52:40.908+0000] {dag.py:3823} INFO - Setting next_dagrun for etl_ecommerce to 2026-05-04 00:00:00+00:00, run_after=2026-05-05 00:00:00+00:00
[2026-05-04T23:52:40.930+0000] {processor.py:183} INFO - Processing /opt/airflow/dags/etl_ecommerce.py took 0.112 seconds
[2026-05-04T23:53:11.103+0000] {processor.py:161} INFO - Started process (PID=216) to work on /opt/airflow/dags/etl_ecommerce.py
[2026-05-04T23:53:11.104+0000] {processor.py:830} INFO - Processing file /opt/airflow/dags/etl_ecommerce.py for tasks to queue
[2026-05-04T23:53:11.106+0000] {logging_mixin.py:188} INFO - [2026-05-04T23:53:11.105+0000] {dagbag.py:538} INFO - Filling up the DagBag from /opt/airflow/dags/etl_ecommerce.py
[2026-05-04T23:53:11.137+0000] {processor.py:840} INFO - DAG(s) 'etl_ecommerce' retrieved from /opt/airflow/dags/etl_ecommerce.py
[2026-05-04T23:53:11.170+0000] {logging_mixin.py:188} INFO - [2026-05-04T23:53:11.170+0000] {dag.py:3036} INFO - Sync 1 DAGs
[2026-05-04T23:53:11.194+0000] {logging_mixin.py:188} INFO - [2026-05-04T23:53:11.194+0000] {dag.py:3823} INFO - Setting next_dagrun for etl_ecommerce to 2026-05-04 00:00:00+00:00, run_after=2026-05-05 00:00:00+00:00
[2026-05-04T23:53:11.215+0000] {processor.py:183} INFO - Processing /opt/airflow/dags/etl_ecommerce.py took 0.116 seconds
[2026-05-04T23:53:41.448+0000] {processor.py:161} INFO - Started process (PID=221) to work on /opt/airflow/dags/etl_ecommerce.py
[2026-05-04T23:53:41.449+0000] {processor.py:830} INFO - Processing file /opt/airflow/dags/etl_ecommerce.py for tasks to queue
[2026-05-04T23:53:41.451+0000] {logging_mixin.py:188} INFO - [2026-05-04T23:53:41.450+0000] {dagbag.py:538} INFO - Filling up the DagBag from /opt/airflow/dags/etl_ecommerce.py
[2026-05-04T23:53:41.478+0000] {processor.py:840} INFO - DAG(s) 'etl_ecommerce' retrieved from /opt/airflow/dags/etl_ecommerce.py
[2026-05-04T23:53:41.507+0000] {logging_mixin.py:188} INFO - [2026-05-04T23:53:41.507+0000] {dag.py:3036} INFO - Sync 1 DAGs
[2026-05-04T23:53:41.532+0000] {logging_mixin.py:188} INFO - [2026-05-04T23:53:41.531+0000] {dag.py:3823} INFO - Setting next_dagrun for etl_ecommerce to 2026-05-04 00:00:00+00:00, run_after=2026-05-05 00:00:00+00:00
[2026-05-04T23:53:41.551+0000] {processor.py:183} INFO - Processing /opt/airflow/dags/etl_ecommerce.py took 0.107 seconds
[2026-05-04T23:54:11.771+0000] {processor.py:161} INFO - Started process (PID=226) to work on /opt/airflow/dags/etl_ecommerce.py
[2026-05-04T23:54:11.773+0000] {processor.py:830} INFO - Processing file /opt/airflow/dags/etl_ecommerce.py for tasks to queue
[2026-05-04T23:54:11.774+0000] {logging_mixin.py:188} INFO - [2026-05-04T23:54:11.774+0000] {dagbag.py:538} INFO - Filling up the DagBag from /opt/airflow/dags/etl_ecommerce.py
[2026-05-04T23:54:11.803+0000] {processor.py:840} INFO - DAG(s) 'etl_ecommerce' retrieved from /opt/airflow/dags/etl_ecommerce.py
[2026-05-04T23:54:11.834+0000] {logging_mixin.py:188} INFO - [2026-05-04T23:54:11.834+0000] {dag.py:3036} INFO - Sync 1 DAGs
[2026-05-04T23:54:11.866+0000] {logging_mixin.py:188} INFO - [2026-05-04T23:54:11.866+0000] {dag.py:3823} INFO - Setting next_dagrun for etl_ecommerce to 2026-05-04 00:00:00+00:00, run_after=2026-05-05 00:00:00+00:00
[2026-05-04T23:54:11.888+0000] {processor.py:183} INFO - Processing /opt/airflow/dags/etl_ecommerce.py took 0.121 seconds
[2026-05-04T23:54:42.161+0000] {processor.py:161} INFO - Started process (PID=231) to work on /opt/airflow/dags/etl_ecommerce.py
[2026-05-04T23:54:42.162+0000] {processor.py:830} INFO - Processing file /opt/airflow/dags/etl_ecommerce.py for tasks to queue
[2026-05-04T23:54:42.164+0000] {logging_mixin.py:188} INFO - [2026-05-04T23:54:42.164+0000] {dagbag.py:538} INFO - Filling up the DagBag from /opt/airflow/dags/etl_ecommerce.py
[2026-05-04T23:54:42.206+0000] {processor.py:840} INFO - DAG(s) 'etl_ecommerce' retrieved from /opt/airflow/dags/etl_ecommerce.py
[2026-05-04T23:54:42.241+0000] {logging_mixin.py:188} INFO - [2026-05-04T23:54:42.241+0000] {dag.py:3036} INFO - Sync 1 DAGs
[2026-05-04T23:54:42.268+0000] {logging_mixin.py:188} INFO - [2026-05-04T23:54:42.267+0000] {dag.py:3823} INFO - Setting next_dagrun for etl_ecommerce to 2026-05-04 00:00:00+00:00, run_after=2026-05-05 00:00:00+00:00
[2026-05-04T23:54:42.290+0000] {processor.py:183} INFO - Processing /opt/airflow/dags/etl_ecommerce.py took 0.132 seconds
[2026-05-04T23:55:12.463+0000] {processor.py:161} INFO - Started process (PID=236) to work on /opt/airflow/dags/etl_ecommerce.py
[2026-05-04T23:55:12.465+0000] {processor.py:830} INFO - Processing file /opt/airflow/dags/etl_ecommerce.py for tasks to queue
[2026-05-04T23:55:12.466+0000] {logging_mixin.py:188} INFO - [2026-05-04T23:55:12.466+0000] {dagbag.py:538} INFO - Filling up the DagBag from /opt/airflow/dags/etl_ecommerce.py
[2026-05-04T23:55:12.504+0000] {processor.py:840} INFO - DAG(s) 'etl_ecommerce' retrieved from /opt/airflow/dags/etl_ecommerce.py
[2026-05-04T23:55:12.546+0000] {logging_mixin.py:188} INFO - [2026-05-04T23:55:12.545+0000] {dag.py:3036} INFO - Sync 1 DAGs
[2026-05-04T23:55:12.574+0000] {logging_mixin.py:188} INFO - [2026-05-04T23:55:12.574+0000] {dag.py:3823} INFO - Setting next_dagrun for etl_ecommerce to 2026-05-04 00:00:00+00:00, run_after=2026-05-05 00:00:00+00:00
[2026-05-04T23:55:12.601+0000] {processor.py:183} INFO - Processing /opt/airflow/dags/etl_ecommerce.py took 0.144 seconds
[2026-05-04T23:55:42.890+0000] {processor.py:161} INFO - Started process (PID=241) to work on /opt/airflow/dags/etl_ecommerce.py
[2026-05-04T23:55:42.891+0000] {processor.py:830} INFO - Processing file /opt/airflow/dags/etl_ecommerce.py for tasks to queue
[2026-05-04T23:55:42.892+0000] {logging_mixin.py:188} INFO - [2026-05-04T23:55:42.892+0000] {dagbag.py:538} INFO - Filling up the DagBag from /opt/airflow/dags/etl_ecommerce.py
[2026-05-04T23:55:42.926+0000] {processor.py:840} INFO - DAG(s) 'etl_ecommerce' retrieved from /opt/airflow/dags/etl_ecommerce.py
[2026-05-04T23:55:42.958+0000] {logging_mixin.py:188} INFO - [2026-05-04T23:55:42.958+0000] {dag.py:3036} INFO - Sync 1 DAGs
[2026-05-04T23:55:42.984+0000] {logging_mixin.py:188} INFO - [2026-05-04T23:55:42.984+0000] {dag.py:3823} INFO - Setting next_dagrun for etl_ecommerce to 2026-05-04 00:00:00+00:00, run_after=2026-05-05 00:00:00+00:00
[2026-05-04T23:55:43.007+0000] {processor.py:183} INFO - Processing /opt/airflow/dags/etl_ecommerce.py took 0.120 seconds
[2026-05-04T23:56:13.176+0000] {processor.py:161} INFO - Started process (PID=246) to work on /opt/airflow/dags/etl_ecommerce.py
[2026-05-04T23:56:13.178+0000] {processor.py:830} INFO - Processing file /opt/airflow/dags/etl_ecommerce.py for tasks to queue
[2026-05-04T23:56:13.179+0000] {logging_mixin.py:188} INFO - [2026-05-04T23:56:13.179+0000] {dagbag.py:538} INFO - Filling up the DagBag from /opt/airflow/dags/etl_ecommerce.py
[2026-05-04T23:56:13.213+0000] {processor.py:840} INFO - DAG(s) 'etl_ecommerce' retrieved from /opt/airflow/dags/etl_ecommerce.py
[2026-05-04T23:56:13.247+0000] {logging_mixin.py:188} INFO - [2026-05-04T23:56:13.247+0000] {dag.py:3036} INFO - Sync 1 DAGs
[2026-05-04T23:56:13.274+0000] {logging_mixin.py:188} INFO - [2026-05-04T23:56:13.274+0000] {dag.py:3823} INFO - Setting next_dagrun for etl_ecommerce to 2026-05-04 00:00:00+00:00, run_after=2026-05-05 00:00:00+00:00
[2026-05-04T23:56:13.298+0000] {processor.py:183} INFO - Processing /opt/airflow/dags/etl_ecommerce.py took 0.127 seconds
[2026-05-04T23:56:43.577+0000] {processor.py:161} INFO - Started process (PID=257) to work on /opt/airflow/dags/etl_ecommerce.py
[2026-05-04T23:56:43.578+0000] {processor.py:830} INFO - Processing file /opt/airflow/dags/etl_ecommerce.py for tasks to queue
[2026-05-04T23:56:43.580+0000] {logging_mixin.py:188} INFO - [2026-05-04T23:56:43.579+0000] {dagbag.py:538} INFO - Filling up the DagBag from /opt/airflow/dags/etl_ecommerce.py
[2026-05-04T23:56:43.614+0000] {processor.py:840} INFO - DAG(s) 'etl_ecommerce' retrieved from /opt/airflow/dags/etl_ecommerce.py
[2026-05-04T23:56:43.648+0000] {logging_mixin.py:188} INFO - [2026-05-04T23:56:43.648+0000] {dag.py:3036} INFO - Sync 1 DAGs
[2026-05-04T23:56:43.675+0000] {logging_mixin.py:188} INFO - [2026-05-04T23:56:43.674+0000] {dag.py:3823} INFO - Setting next_dagrun for etl_ecommerce to 2026-05-04 00:00:00+00:00, run_after=2026-05-05 00:00:00+00:00
[2026-05-04T23:56:43.696+0000] {processor.py:183} INFO - Processing /opt/airflow/dags/etl_ecommerce.py took 0.122 seconds
[2026-05-04T23:57:13.889+0000] {processor.py:161} INFO - Started process (PID=262) to work on /opt/airflow/dags/etl_ecommerce.py
[2026-05-04T23:57:13.890+0000] {processor.py:830} INFO - Processing file /opt/airflow/dags/etl_ecommerce.py for tasks to queue
[2026-05-04T23:57:13.892+0000] {logging_mixin.py:188} INFO - [2026-05-04T23:57:13.891+0000] {dagbag.py:538} INFO - Filling up the DagBag from /opt/airflow/dags/etl_ecommerce.py
[2026-05-04T23:57:13.931+0000] {processor.py:840} INFO - DAG(s) 'etl_ecommerce' retrieved from /opt/airflow/dags/etl_ecommerce.py
[2026-05-04T23:57:13.966+0000] {logging_mixin.py:188} INFO - [2026-05-04T23:57:13.966+0000] {dag.py:3036} INFO - Sync 1 DAGs
[2026-05-04T23:57:13.994+0000] {logging_mixin.py:188} INFO - [2026-05-04T23:57:13.994+0000] {dag.py:3823} INFO - Setting next_dagrun for etl_ecommerce to 2026-05-04 00:00:00+00:00, run_after=2026-05-05 00:00:00+00:00
[2026-05-04T23:57:14.016+0000] {processor.py:183} INFO - Processing /opt/airflow/dags/etl_ecommerce.py took 0.133 seconds
[2026-05-04T23:57:44.293+0000] {processor.py:161} INFO - Started process (PID=267) to work on /opt/airflow/dags/etl_ecommerce.py
[2026-05-04T23:57:44.294+0000] {processor.py:830} INFO - Processing file /opt/airflow/dags/etl_ecommerce.py for tasks to queue
[2026-05-04T23:57:44.296+0000] {logging_mixin.py:188} INFO - [2026-05-04T23:57:44.295+0000] {dagbag.py:538} INFO - Filling up the DagBag from /opt/airflow/dags/etl_ecommerce.py
[2026-05-04T23:57:44.326+0000] {processor.py:840} INFO - DAG(s) 'etl_ecommerce' retrieved from /opt/airflow/dags/etl_ecommerce.py
[2026-05-04T23:57:44.357+0000] {logging_mixin.py:188} INFO - [2026-05-04T23:57:44.356+0000] {dag.py:3036} INFO - Sync 1 DAGs
[2026-05-04T23:57:44.382+0000] {logging_mixin.py:188} INFO - [2026-05-04T23:57:44.382+0000] {dag.py:3823} INFO - Setting next_dagrun for etl_ecommerce to 2026-05-04 00:00:00+00:00, run_after=2026-05-05 00:00:00+00:00
[2026-05-04T23:57:44.404+0000] {processor.py:183} INFO - Processing /opt/airflow/dags/etl_ecommerce.py took 0.115 seconds
[2026-05-04T23:58:14.603+0000] {processor.py:161} INFO - Started process (PID=272) to work on /opt/airflow/dags/etl_ecommerce.py
[2026-05-04T23:58:14.605+0000] {processor.py:830} INFO - Processing file /opt/airflow/dags/etl_ecommerce.py for tasks to queue
[2026-05-04T23:58:14.606+0000] {logging_mixin.py:188} INFO - [2026-05-04T23:58:14.606+0000] {dagbag.py:538} INFO - Filling up the DagBag from /opt/airflow/dags/etl_ecommerce.py
[2026-05-04T23:58:14.635+0000] {processor.py:840} INFO - DAG(s) 'etl_ecommerce' retrieved from /opt/airflow/dags/etl_ecommerce.py
[2026-05-04T23:58:14.694+0000] {logging_mixin.py:188} INFO - [2026-05-04T23:58:14.693+0000] {dag.py:3036} INFO - Sync 1 DAGs
[2026-05-04T23:58:14.736+0000] {logging_mixin.py:188} INFO - [2026-05-04T23:58:14.735+0000] {dag.py:3823} INFO - Setting next_dagrun for etl_ecommerce to 2026-05-04 00:00:00+00:00, run_after=2026-05-05 00:00:00+00:00
[2026-05-04T23:58:14.764+0000] {processor.py:183} INFO - Processing /opt/airflow/dags/etl_ecommerce.py took 0.165 seconds
[2026-05-04T23:58:44.988+0000] {processor.py:161} INFO - Started process (PID=277) to work on /opt/airflow/dags/etl_ecommerce.py
[2026-05-04T23:58:44.989+0000] {processor.py:830} INFO - Processing file /opt/airflow/dags/etl_ecommerce.py for tasks to queue
[2026-05-04T23:58:44.991+0000] {logging_mixin.py:188} INFO - [2026-05-04T23:58:44.990+0000] {dagbag.py:538} INFO - Filling up the DagBag from /opt/airflow/dags/etl_ecommerce.py
[2026-05-04T23:58:45.025+0000] {processor.py:840} INFO - DAG(s) 'etl_ecommerce' retrieved from /opt/airflow/dags/etl_ecommerce.py
[2026-05-04T23:58:45.058+0000] {logging_mixin.py:188} INFO - [2026-05-04T23:58:45.057+0000] {dag.py:3036} INFO - Sync 1 DAGs
[2026-05-04T23:58:45.084+0000] {logging_mixin.py:188} INFO - [2026-05-04T23:58:45.084+0000] {dag.py:3823} INFO - Setting next_dagrun for etl_ecommerce to 2026-05-04 00:00:00+00:00, run_after=2026-05-05 00:00:00+00:00
[2026-05-04T23:58:45.107+0000] {processor.py:183} INFO - Processing /opt/airflow/dags/etl_ecommerce.py took 0.124 seconds
[2026-05-04T23:59:15.276+0000] {processor.py:161} INFO - Started process (PID=282) to work on /opt/airflow/dags/etl_ecommerce.py
[2026-05-04T23:59:15.278+0000] {processor.py:830} INFO - Processing file /opt/airflow/dags/etl_ecommerce.py for tasks to queue
[2026-05-04T23:59:15.280+0000] {logging_mixin.py:188} INFO - [2026-05-04T23:59:15.280+0000] {dagbag.py:538} INFO - Filling up the DagBag from /opt/airflow/dags/etl_ecommerce.py
[2026-05-04T23:59:15.315+0000] {processor.py:840} INFO - DAG(s) 'etl_ecommerce' retrieved from /opt/airflow/dags/etl_ecommerce.py
[2026-05-04T23:59:15.350+0000] {logging_mixin.py:188} INFO - [2026-05-04T23:59:15.350+0000] {dag.py:3036} INFO - Sync 1 DAGs
[2026-05-04T23:59:15.377+0000] {logging_mixin.py:188} INFO - [2026-05-04T23:59:15.377+0000] {dag.py:3823} INFO - Setting next_dagrun for etl_ecommerce to 2026-05-04 00:00:00+00:00, run_after=2026-05-05 00:00:00+00:00
[2026-05-04T23:59:15.402+0000] {processor.py:183} INFO - Processing /opt/airflow/dags/etl_ecommerce.py took 0.132 seconds
[2026-05-04T23:59:45.699+0000] {processor.py:161} INFO - Started process (PID=287) to work on /opt/airflow/dags/etl_ecommerce.py
[2026-05-04T23:59:45.700+0000] {processor.py:830} INFO - Processing file /opt/airflow/dags/etl_ecommerce.py for tasks to queue
[2026-05-04T23:59:45.701+0000] {logging_mixin.py:188} INFO - [2026-05-04T23:59:45.701+0000] {dagbag.py:538} INFO - Filling up the DagBag from /opt/airflow/dags/etl_ecommerce.py
[2026-05-04T23:59:45.733+0000] {processor.py:840} INFO - DAG(s) 'etl_ecommerce' retrieved from /opt/airflow/dags/etl_ecommerce.py
[2026-05-04T23:59:45.764+0000] {logging_mixin.py:188} INFO - [2026-05-04T23:59:45.764+0000] {dag.py:3036} INFO - Sync 1 DAGs
[2026-05-04T23:59:45.789+0000] {logging_mixin.py:188} INFO - [2026-05-04T23:59:45.789+0000] {dag.py:3823} INFO - Setting next_dagrun for etl_ecommerce to 2026-05-04 00:00:00+00:00, run_after=2026-05-05 00:00:00+00:00
[2026-05-04T23:59:45.810+0000] {processor.py:183} INFO - Processing /opt/airflow/dags/etl_ecommerce.py took 0.115 seconds
