[2026-05-05T00:49:23.956+0000] {taskinstance.py:1956} INFO - Dependencies all met for dep_context=non-requeueable deps ti=<TaskInstance: etl_ecommerce.transform manual__2026-05-05T00:34:16.487630+00:00 [queued]>
[2026-05-05T00:49:23.967+0000] {taskinstance.py:1956} INFO - Dependencies all met for dep_context=requeueable deps ti=<TaskInstance: etl_ecommerce.transform manual__2026-05-05T00:34:16.487630+00:00 [queued]>
[2026-05-05T00:49:23.968+0000] {taskinstance.py:2170} INFO - Starting attempt 4 of 4
[2026-05-05T00:49:23.985+0000] {taskinstance.py:2191} INFO - Executing <Task(PythonOperator): transform> on 2026-05-05 00:34:16.487630+00:00
[2026-05-05T00:49:23.994+0000] {standard_task_runner.py:60} INFO - Started process 866 to run task
[2026-05-05T00:49:24.002+0000] {standard_task_runner.py:87} INFO - Running: ['***', 'tasks', 'run', 'etl_ecommerce', 'transform', 'manual__2026-05-05T00:34:16.487630+00:00', '--job-id', '34', '--raw', '--subdir', 'DAGS_FOLDER/etl_ecommerce.py', '--cfg-path', '/tmp/tmpktydedf5']
[2026-05-05T00:49:24.007+0000] {standard_task_runner.py:88} INFO - Job 34: Subtask transform
[2026-05-05T00:49:24.036+0000] {logging_mixin.py:188} WARNING - /home/***/.local/lib/python3.8/site-packages/***/settings.py:194 DeprecationWarning: The sql_alchemy_conn option in [core] has been moved to the sql_alchemy_conn option in [database] - the old setting has been used, but please update your config.
[2026-05-05T00:49:24.109+0000] {task_command.py:423} INFO - Running <TaskInstance: etl_ecommerce.transform manual__2026-05-05T00:34:16.487630+00:00 [running]> on host c1f39e8b7461
[2026-05-05T00:49:24.188+0000] {taskinstance.py:2480} INFO - Exporting env vars: AIRFLOW_CTX_DAG_OWNER='data-team' AIRFLOW_CTX_DAG_ID='etl_ecommerce' AIRFLOW_CTX_TASK_ID='transform' AIRFLOW_CTX_EXECUTION_DATE='2026-05-05T00:34:16.487630+00:00' AIRFLOW_CTX_TRY_NUMBER='4' AIRFLOW_CTX_DAG_RUN_ID='manual__2026-05-05T00:34:16.487630+00:00'
[2026-05-05T00:49:24.678+0000] {logging_mixin.py:188} INFO - 🔄 Transforming data...
[2026-05-05T00:49:24.730+0000] {taskinstance.py:2698} ERROR - Task failed with exception
Traceback (most recent call last):
  File "/home/airflow/.local/lib/python3.8/site-packages/airflow/models/taskinstance.py", line 433, in _execute_task
    result = execute_callable(context=context, **execute_callable_kwargs)
  File "/home/airflow/.local/lib/python3.8/site-packages/airflow/operators/python.py", line 199, in execute
    return_value = self.execute_callable()
  File "/home/airflow/.local/lib/python3.8/site-packages/airflow/operators/python.py", line 216, in execute_callable
    return self.python_callable(*self.op_args, **self.op_kwargs)
  File "/opt/airflow/dags/etl_ecommerce.py", line 100, in transform
    'avg_order_value': float(df.groupby('order_id')['total'].sum().mean()),
  File "/home/airflow/.local/lib/python3.8/site-packages/pandas/core/groupby/generic.py", line 1771, in __getitem__
    return super().__getitem__(key)
  File "/home/airflow/.local/lib/python3.8/site-packages/pandas/core/base.py", line 244, in __getitem__
    raise KeyError(f"Column not found: {key}")
KeyError: 'Column not found: total'
[2026-05-05T00:49:24.745+0000] {taskinstance.py:1138} INFO - Marking task as FAILED. dag_id=etl_ecommerce, task_id=transform, execution_date=20260505T003416, start_date=20260505T004923, end_date=20260505T004924
[2026-05-05T00:49:24.759+0000] {standard_task_runner.py:107} ERROR - Failed to execute job 34 for task transform ('Column not found: total'; 866)
[2026-05-05T00:49:24.817+0000] {local_task_job_runner.py:234} INFO - Task exited with return code 1
[2026-05-05T00:49:24.844+0000] {taskinstance.py:3280} INFO - 0 downstream tasks scheduled from follow-on schedule check
