[2026-05-05T00:44:22.301+0000] {taskinstance.py:1956} INFO - Dependencies all met for dep_context=non-requeueable deps ti=<TaskInstance: etl_ecommerce.transform manual__2026-05-05T00:34:16.487630+00:00 [queued]>
[2026-05-05T00:44:22.319+0000] {taskinstance.py:1956} INFO - Dependencies all met for dep_context=requeueable deps ti=<TaskInstance: etl_ecommerce.transform manual__2026-05-05T00:34:16.487630+00:00 [queued]>
[2026-05-05T00:44:22.320+0000] {taskinstance.py:2170} INFO - Starting attempt 3 of 4
[2026-05-05T00:44:22.349+0000] {taskinstance.py:2191} INFO - Executing <Task(PythonOperator): transform> on 2026-05-05 00:34:16.487630+00:00
[2026-05-05T00:44:22.363+0000] {standard_task_runner.py:60} INFO - Started process 805 to run task
[2026-05-05T00:44:22.373+0000] {standard_task_runner.py:87} INFO - Running: ['***', 'tasks', 'run', 'etl_ecommerce', 'transform', 'manual__2026-05-05T00:34:16.487630+00:00', '--job-id', '30', '--raw', '--subdir', 'DAGS_FOLDER/etl_ecommerce.py', '--cfg-path', '/tmp/tmpf41_hnkc']
[2026-05-05T00:44:22.381+0000] {standard_task_runner.py:88} INFO - Job 30: Subtask transform
[2026-05-05T00:44:22.409+0000] {logging_mixin.py:188} WARNING - /home/***/.local/lib/python3.8/site-packages/***/settings.py:194 DeprecationWarning: The sql_alchemy_conn option in [core] has been moved to the sql_alchemy_conn option in [database] - the old setting has been used, but please update your config.
[2026-05-05T00:44:22.480+0000] {task_command.py:423} INFO - Running <TaskInstance: etl_ecommerce.transform manual__2026-05-05T00:34:16.487630+00:00 [running]> on host c1f39e8b7461
[2026-05-05T00:44:22.567+0000] {taskinstance.py:2480} INFO - Exporting env vars: AIRFLOW_CTX_DAG_OWNER='data-team' AIRFLOW_CTX_DAG_ID='etl_ecommerce' AIRFLOW_CTX_TASK_ID='transform' AIRFLOW_CTX_EXECUTION_DATE='2026-05-05T00:34:16.487630+00:00' AIRFLOW_CTX_TRY_NUMBER='3' AIRFLOW_CTX_DAG_RUN_ID='manual__2026-05-05T00:34:16.487630+00:00'
[2026-05-05T00:44:23.153+0000] {logging_mixin.py:188} INFO - 🔄 Transforming data...
[2026-05-05T00:44:23.206+0000] {taskinstance.py:2698} ERROR - Task failed with exception
Traceback (most recent call last):
  File "/home/airflow/.local/lib/python3.8/site-packages/airflow/models/taskinstance.py", line 433, in _execute_task
    result = execute_callable(context=context, **execute_callable_kwargs)
  File "/home/airflow/.local/lib/python3.8/site-packages/airflow/operators/python.py", line 199, in execute
    return_value = self.execute_callable()
  File "/home/airflow/.local/lib/python3.8/site-packages/airflow/operators/python.py", line 216, in execute_callable
    return self.python_callable(*self.op_args, **self.op_kwargs)
  File "/opt/airflow/dags/etl_ecommerce.py", line 100, in transform
    'avg_order_value': float(df.groupby('order_id')['total'].sum().mean()),
  File "/home/airflow/.local/lib/python3.8/site-packages/pandas/core/groupby/generic.py", line 1771, in __getitem__
    return super().__getitem__(key)
  File "/home/airflow/.local/lib/python3.8/site-packages/pandas/core/base.py", line 244, in __getitem__
    raise KeyError(f"Column not found: {key}")
KeyError: 'Column not found: total'
[2026-05-05T00:44:23.223+0000] {taskinstance.py:1138} INFO - Marking task as UP_FOR_RETRY. dag_id=etl_ecommerce, task_id=transform, execution_date=20260505T003416, start_date=20260505T004422, end_date=20260505T004423
[2026-05-05T00:44:23.235+0000] {standard_task_runner.py:107} ERROR - Failed to execute job 30 for task transform ('Column not found: total'; 805)
[2026-05-05T00:44:23.272+0000] {local_task_job_runner.py:234} INFO - Task exited with return code 1
[2026-05-05T00:44:23.296+0000] {taskinstance.py:3280} INFO - 0 downstream tasks scheduled from follow-on schedule check
